// 重构日志: 421bd116
// 重构日志: 707bb7a9
// 重构日志: 9d034b22
// 重构日志: b6a8a96e
// 同步 ID: 82095ab8 @ Mon Jul 27 04:06:40 UTC 2026
// 重构日志: 88d2bdfc
// 重构日志: 1ab41b70
// 重构日志: 5c53cf01
// 重构日志: 48ee8008
// 同步 ID: baf41d69 @ Tue Jul 28 09:54:51 UTC 2026
// 同步 ID: 97e4d833 @ Tue Jul 28 15:13:38 UTC 2026
// 重构日志: a76a3ed9
// 重构日志: db8aa123
// 同步 ID: ffff22c2 @ Wed Jul 29 10:41:17 UTC 2026
// 同步 ID: 392e4ce8 @ Wed Jul 29 12:30:01 UTC 2026
// 同步 ID: 6fece5dd @ Wed Jul 29 16:07:49 UTC 2026
// 重构日志: 346bf404
// 重构日志: 52455c1e
// 同步 ID: d263e64d @ Thu Jul 30 10:10:58 UTC 2026
// 同步 ID: 3b8968a9 @ Thu Jul 30 12:10:40 UTC 2026
// 重构日志: 8e53c8ad
// 同步 ID: b1db8464 @ Thu Jul 30 22:59:35 UTC 2026
// 同步 ID: b2a2b6d1 @ Fri Jul 31 07:40:05 UTC 2026
// 重构日志: c791a5bd
// 重构日志: e20d9710
// 重构日志: ee7e48d7
// 同步 ID: c16c1b20 @ Sat Aug  1 12:06:26 UTC 2026
// 重构日志: 79066bb2
// 重构日志: 7cfdad38
// 同步 ID: 19aa703d @ Sun Aug  2 09:31:01 UTC 2026
